#
# There is insufficient memory for the Java Runtime Environment to continue.
# Native memory allocation (malloc) failed to allocate 488064 bytes. Error detail: Chunk::new
# Possible reasons:
#   The system is out of physical RAM or swap space
#   This process is running with CompressedOops enabled, and the Java Heap may be blocking the growth of the native heap
# Possible solutions:
#   Reduce memory load on the system
#   Increase physical memory or swap space
#   Check if swap backing store is full
#   Decrease Java heap size (-Xmx/-Xms)
#   Decrease number of Java threads
#   Decrease Java thread stack sizes (-Xss)
#   Set larger code cache with -XX:ReservedCodeCacheSize=
#   JVM is running with Unscaled Compressed Oops mode in which the Java heap is
#     placed in the first 4GB address space. The Java Heap base address is the
#     maximum limit for the native heap growth. Please use -XX:HeapBaseMinAddress
#     to set the Java Heap base and to place the Java Heap above 4GB virtual address.
# This output file may be truncated or incomplete.
#
#  Out of Memory Error (arena.cpp:168), pid=201228, tid=205896
#
# JRE version: OpenJDK Runtime Environment Temurin-21.0.10+7 (21.0.10+7) (build 21.0.10+7-LTS)
# Java VM: OpenJDK 64-Bit Server VM Temurin-21.0.10+7 (21.0.10+7-LTS, mixed mode, sharing, tiered, compressed oops, compressed class ptrs, parallel gc, windows-amd64)
# No core dump will be written. Minidumps are not enabled by default on client versions of Windows
#

---------------  S U M M A R Y ------------

Command Line: --add-modules=ALL-SYSTEM --add-opens=java.base/java.util=ALL-UNNAMED --add-opens=java.base/java.lang=ALL-UNNAMED --add-opens=java.base/sun.nio.fs=ALL-UNNAMED -Declipse.application=org.eclipse.jdt.ls.core.id1 -Dosgi.bundles.defaultStartLevel=4 -Declipse.product=org.eclipse.jdt.ls.core.product -Djava.import.generatesMetadataFilesAtProjectRoot=false -DDetectVMInstallationsJob.disabled=true -Dfile.encoding=utf8 -XX:+UseParallelGC -XX:GCTimeRatio=4 -XX:AdaptiveSizePolicyWeight=90 -Dsun.zip.disableMemoryMapping=true -Xmx2G -Xms100m -Xlog:disable -javaagent:c:\Users\calcu\.vscode\extensions\redhat.java-1.54.0-win32-x64\lombok\lombok-1.18.39-4050.jar -XX:+HeapDumpOnOutOfMemoryError -XX:HeapDumpPath=c:\Users\calcu\AppData\Roaming\Code\User\workspaceStorage\855c2900ae70bea854af7b86d66e00f0\redhat.java -Daether.dependencyCollector.impl=bf c:\Users\calcu\.vscode\extensions\redhat.java-1.54.0-win32-x64\server\plugins\org.eclipse.equinox.launcher_1.7.100.v20251111-0406.jar -configuration c:\Users\calcu\AppData\Roaming\Code\User\globalStorage\redhat.java\1.54.0\config_win -data c:\Users\calcu\AppData\Roaming\Code\User\workspaceStorage\855c2900ae70bea854af7b86d66e00f0\redhat.java\jdt_ws --pipe=\\.\pipe\lsp-db83d7ef9e5fb1c3fea9ab43b57c7a4e-sock

Host: 12th Gen Intel(R) Core(TM) i5-12450H, 12 cores, 15G,  Windows 11 , 64 bit Build 26100 (10.0.26100.8521)
Time: Sat Jun 13 22:11:10 2026 India Standard Time elapsed time: 39.716415 seconds (0d 0h 0m 39s)

---------------  T H R E A D  ---------------

Current thread (0x000001c4d829c190):  JavaThread "C2 CompilerThread0" daemon [_thread_in_native, id=205896, stack(0x00000023d7800000,0x00000023d7900000) (1024K)]


Current CompileTask:
C2:39716 4393       4       org.eclipse.osgi.internal.loader.classpath.ClasspathEntry::findEntry (56 bytes)

Stack: [0x00000023d7800000,0x00000023d7900000]
Native frames: (J=compiled Java code, j=interpreted, Vv=VM code, C=native code)
V  [jvm.dll+0x6d7a39]
V  [jvm.dll+0x8b4b26]
V  [jvm.dll+0x8b70de]
V  [jvm.dll+0x8b77c3]
V  [jvm.dll+0x284346]
V  [jvm.dll+0xc66ed]
V  [jvm.dll+0xc6c31]
V  [jvm.dll+0x3bec3b]
V  [jvm.dll+0x38b162]
V  [jvm.dll+0x38a5aa]
V  [jvm.dll+0x24c560]
V  [jvm.dll+0x24bb40]
V  [jvm.dll+0x1cb34e]
V  [jvm.dll+0x25b85d]
V  [jvm.dll+0x259dea]
V  [jvm.dll+0x3f857e]
V  [jvm.dll+0x85f59d]
V  [jvm.dll+0x6d626d]
C  [ucrtbase.dll+0x2cd30]
C  [KERNEL32.DLL+0x2e957]
C  [ntdll.dll+0x87c1c]


---------------  P R O C E S S  ---------------

Threads class SMR info:
_java_thread_list=0x000001c51badd160, length=24, elements={
0x000001c4c17efbc0, 0x000001c4c18ae130, 0x000001c4d8287560, 0x000001c4d828aa10,
0x000001c4d828eb10, 0x000001c4d8292890, 0x000001c4d82966b0, 0x000001c4d829c190,
0x000001c51a6a4b60, 0x000001c51a8bc230, 0x000001c51a9dabb0, 0x000001c51bdf2b60,
0x000001c52007ec50, 0x000001c51b6fe0d0, 0x000001c51a7d9c70, 0x000001c520178430,
0x000001c51ba836e0, 0x000001c51bd02160, 0x000001c51a995520, 0x000001c51a996f60,
0x000001c51a9975f0, 0x000001c51a995bb0, 0x000001c51a996240, 0x000001c520ddf780
}

Java Threads: ( => current thread )
  0x000001c4c17efbc0 JavaThread "main"                              [_thread_blocked, id=203936, stack(0x00000023d6e00000,0x00000023d6f00000) (1024K)]
  0x000001c4c18ae130 JavaThread "Reference Handler"          daemon [_thread_blocked, id=206076, stack(0x00000023d7200000,0x00000023d7300000) (1024K)]
  0x000001c4d8287560 JavaThread "Finalizer"                  daemon [_thread_blocked, id=205924, stack(0x00000023d7300000,0x00000023d7400000) (1024K)]
  0x000001c4d828aa10 JavaThread "Signal Dispatcher"          daemon [_thread_blocked, id=206052, stack(0x00000023d7400000,0x00000023d7500000) (1024K)]
  0x000001c4d828eb10 JavaThread "Attach Listener"            daemon [_thread_blocked, id=198676, stack(0x00000023d7500000,0x00000023d7600000) (1024K)]
  0x000001c4d8292890 JavaThread "Service Thread"             daemon [_thread_blocked, id=205888, stack(0x00000023d7600000,0x00000023d7700000) (1024K)]
  0x000001c4d82966b0 JavaThread "Monitor Deflation Thread"   daemon [_thread_blocked, id=205160, stack(0x00000023d7700000,0x00000023d7800000) (1024K)]
=>0x000001c4d829c190 JavaThread "C2 CompilerThread0"         daemon [_thread_in_native, id=205896, stack(0x00000023d7800000,0x00000023d7900000) (1024K)]
  0x000001c51a6a4b60 JavaThread "C1 CompilerThread0"         daemon [_thread_blocked, id=205940, stack(0x00000023d7900000,0x00000023d7a00000) (1024K)]
  0x000001c51a8bc230 JavaThread "Common-Cleaner"             daemon [_thread_blocked, id=203528, stack(0x00000023d7a00000,0x00000023d7b00000) (1024K)]
  0x000001c51a9dabb0 JavaThread "Notification Thread"        daemon [_thread_blocked, id=195132, stack(0x00000023d7b00000,0x00000023d7c00000) (1024K)]
  0x000001c51bdf2b60 JavaThread "Active Thread: Equinox Container: 83814b36-574a-4041-bff9-bf01a7c8b0f0"        [_thread_blocked, id=206704, stack(0x00000023d8300000,0x00000023d8400000) (1024K)]
  0x000001c52007ec50 JavaThread "Refresh Thread: Equinox Container: 83814b36-574a-4041-bff9-bf01a7c8b0f0" daemon [_thread_blocked, id=202236, stack(0x00000023d8400000,0x00000023d8500000) (1024K)]
  0x000001c51b6fe0d0 JavaThread "Framework Event Dispatcher: Equinox Container: 83814b36-574a-4041-bff9-bf01a7c8b0f0" daemon [_thread_blocked, id=205304, stack(0x00000023d8500000,0x00000023d8600000) (1024K)]
  0x000001c51a7d9c70 JavaThread "Start Level: Equinox Container: 83814b36-574a-4041-bff9-bf01a7c8b0f0" daemon [_thread_blocked, id=193400, stack(0x00000023d8600000,0x00000023d8700000) (1024K)]
  0x000001c520178430 JavaThread "Bundle File Closer"         daemon [_thread_blocked, id=189588, stack(0x00000023d8a00000,0x00000023d8b00000) (1024K)]
  0x000001c51ba836e0 JavaThread "SCR Component Actor"        daemon [_thread_blocked, id=185172, stack(0x00000023d8700000,0x00000023d8800000) (1024K)]
  0x000001c51bd02160 JavaThread "Worker-JM"                         [_thread_blocked, id=202796, stack(0x00000023d6c00000,0x00000023d6d00000) (1024K)]
  0x000001c51a995520 JavaThread "JNA Cleaner"                daemon [_thread_blocked, id=202008, stack(0x00000023d8b00000,0x00000023d8c00000) (1024K)]
  0x000001c51a996f60 JavaThread "Worker-0"                          [_thread_blocked, id=206696, stack(0x00000023d8d00000,0x00000023d8e00000) (1024K)]
  0x000001c51a9975f0 JavaThread "Worker-1: Refreshing workspace"        [_thread_blocked, id=206556, stack(0x00000023d8e00000,0x00000023d8f00000) (1024K)]
  0x000001c51a995bb0 JavaThread "Worker-2: Repository registry initialization"        [_thread_blocked, id=204404, stack(0x00000023d8f00000,0x00000023d9000000) (1024K)]
  0x000001c51a996240 JavaThread "Worker-3: Updating workspace"        [_thread_blocked, id=208916, stack(0x00000023d8c00000,0x00000023d8d00000) (1024K)]
  0x000001c520ddf780 JavaThread "C2 CompilerThread1"         daemon [_thread_blocked, id=209156, stack(0x00000023d9000000,0x00000023d9100000) (1024K)]
Total: 24

Other Threads:
  0x000001c4d82849d0 VMThread "VM Thread"                           [id=206072, stack(0x00000023d7100000,0x00000023d7200000) (1024K)]
  0x000001c4d817cb20 WatcherThread "VM Periodic Task Thread"        [id=206068, stack(0x00000023d7000000,0x00000023d7100000) (1024K)]
  0x000001c4c180f400 WorkerThread "GC Thread#0"                     [id=186436, stack(0x00000023d6f00000,0x00000023d7000000) (1024K)]
  0x000001c51b887f10 WorkerThread "GC Thread#1"                     [id=206748, stack(0x00000023d7d00000,0x00000023d7e00000) (1024K)]
  0x000001c520085590 WorkerThread "GC Thread#2"                     [id=206108, stack(0x00000023d7e00000,0x00000023d7f00000) (1024K)]
  0x000001c520085940 WorkerThread "GC Thread#3"                     [id=206596, stack(0x00000023d7f00000,0x00000023d8000000) (1024K)]
  0x000001c51b8882c0 WorkerThread "GC Thread#4"                     [id=206304, stack(0x00000023d8000000,0x00000023d8100000) (1024K)]
  0x000001c51b888670 WorkerThread "GC Thread#5"                     [id=206588, stack(0x00000023d8100000,0x00000023d8200000) (1024K)]
  0x000001c51b888a20 WorkerThread "GC Thread#6"                     [id=206640, stack(0x00000023d8200000,0x00000023d8300000) (1024K)]
  0x000001c4c17f0b10 WorkerThread "GC Thread#7"                     [id=196876, stack(0x00000023d7c00000,0x00000023d7d00000) (1024K)]
  0x000001c51a9702b0 WorkerThread "GC Thread#8"                     [id=202520, stack(0x00000023d8800000,0x00000023d8900000) (1024K)]
  0x000001c52028a9c0 WorkerThread "GC Thread#9"                     [id=203468, stack(0x00000023d8900000,0x00000023d8a00000) (1024K)]
Total: 12

Threads with active compile tasks:
C2 CompilerThread0  39754 4393       4       org.eclipse.osgi.internal.loader.classpath.ClasspathEntry::findEntry (56 bytes)
C1 CompilerThread0  39754 4433   !   3       org.eclipse.core.internal.resources.Container::getChildren (154 bytes)
C2 CompilerThread1  39754 4418       4       org.codehaus.plexus.util.xml.pull.MXParser::more (106 bytes)
Total: 3

VM state: not at safepoint (normal execution)

VM Mutex/Monitor currently owned by a thread:  ([mutex/lock_event])
[0x00007fff329ec4e0] Metaspace_lock - owner thread: 0x0000000000000000

Heap address: 0x0000000080000000, size: 2048 MB, Compressed Oops mode: 32-bit

CDS archive(s) mapped at: [0x000001c4d9000000-0x000001c4d9ba0000-0x000001c4d9ba0000), size 12189696, SharedBaseAddress: 0x000001c4d9000000, ArchiveRelocationMode: 1.
Compressed class space mapped at: 0x000001c4da000000-0x000001c51a000000, reserved size: 1073741824
Narrow klass base: 0x000001c4d9000000, Narrow klass shift: 0, Narrow klass range: 0x100000000

GC Precious Log:
 CardTable entry size: 512
 CPUs: 12 total, 12 available
 Memory: 16024M
 Large Page Support: Disabled
 NUMA Support: Disabled
 Compressed Oops: Enabled (32-bit)
 Alignments: Space 512K, Generation 512K, Heap 2M
 Heap Min Capacity: 100M
 Heap Initial Capacity: 100M
 Heap Max Capacity: 2G
 Pre-touch: Disabled
 Parallel Workers: 10

Heap:
 PSYoungGen      total 25088K, used 2243K [0x00000000d5580000, 0x00000000d7400000, 0x0000000100000000)
  eden space 23040K, 2% used [0x00000000d5580000,0x00000000d56176b0,0x00000000d6c00000)
  from space 2048K, 79% used [0x00000000d6e00000,0x00000000d6f99920,0x00000000d7000000)
  to   space 2560K, 0% used [0x00000000d7180000,0x00000000d7180000,0x00000000d7400000)
 ParOldGen       total 68608K, used 14320K [0x0000000080000000, 0x0000000084300000, 0x00000000d5580000)
  object space 68608K, 20% used [0x0000000080000000,0x0000000080dfc0e0,0x0000000084300000)
 Metaspace       used 25621K, committed 26624K, reserved 1114112K
  class space    used 2584K, committed 3008K, reserved 1048576K

Card table byte_map: [0x000001c4c11c0000,0x000001c4c15d0000] _byte_map_base: 0x000001c4c0dc0000

Marking Bits: (ParMarkBitMap*) 0x00007fff329f3450
 Begin Bits: [0x000001c4d3ca0000, 0x000001c4d5ca0000)
 End Bits:   [0x000001c4d5ca0000, 0x000001c4d7ca0000)

Polling page: 0x000001c4c0fb0000

Metaspace:

Usage:
  Non-class:     22.50 MB used.
      Class:      2.53 MB used.
       Both:     25.03 MB used.

Virtual space:
  Non-class space:       64.00 MB reserved,      23.06 MB ( 36%) committed,  1 nodes.
      Class space:        1.00 GB reserved,       2.94 MB ( <1%) committed,  1 nodes.
             Both:        1.06 GB reserved,      26.00 MB (  2%) committed. 

Chunk freelists:
   Non-Class:  8.27 MB
       Class:  13.02 MB
        Both:  21.28 MB

MaxMetaspaceSize: unlimited
CompressedClassSpaceSize: 1.00 GB
Initial GC threshold: 21.00 MB
Current GC threshold: 35.00 MB
CDS: on
 - commit_granule_bytes: 65536.
 - commit_granule_words: 8192.
 - virtual_space_node_default_size: 8388608.
 - enlarge_chunks_in_place: 1.
 - use_allocation_guard: 0.


Internal statistics:

num_allocs_failed_limit: 3.
num_arena_births: 816.
num_arena_deaths: 14.
num_vsnodes_births: 2.
num_vsnodes_deaths: 0.
num_space_committed: 416.
num_space_uncommitted: 0.
num_chunks_returned_to_freelist: 17.
num_chunks_taken_from_freelist: 1899.
num_chunk_merges: 5.
num_chunk_splits: 1182.
num_chunks_enlarged: 678.
num_inconsistent_stats: 0.

CodeHeap 'non-profiled nmethods': size=120000Kb used=2062Kb max_used=2062Kb free=117937Kb
 bounds [0x000001c4cc4c0000, 0x000001c4cc730000, 0x000001c4d39f0000]
CodeHeap 'profiled nmethods': size=120000Kb used=9234Kb max_used=9234Kb free=110765Kb
 bounds [0x000001c4c49f0000, 0x000001c4c5300000, 0x000001c4cbf20000]
CodeHeap 'non-nmethods': size=5760Kb used=1319Kb max_used=1340Kb free=4440Kb
 bounds [0x000001c4cbf20000, 0x000001c4cc190000, 0x000001c4cc4c0000]
CodeCache: size=245760Kb, used=12615Kb, max_used=12636Kb, free=233142Kb
 total_blobs=5034, nmethods=4428, adapters=512, full_count=0
Compilation: enabled, stopped_count=0, restarted_count=0

Compilation events (20 events):
Event: 37.691 Thread 0x000001c51a6a4b60 4420       3       org.lombokweb.asm.ByteVector::put11 (52 bytes)
Event: 37.691 Thread 0x000001c51a6a4b60 nmethod 4420 0x000001c4c52ed990 code [0x000001c4c52edb40, 0x000001c4c52edd48]
Event: 37.694 Thread 0x000001c51a6a4b60 4421       3       jdk.internal.reflect.ReflectionFactory::copyConstructor (11 bytes)
Event: 37.695 Thread 0x000001c51a6a4b60 nmethod 4421 0x000001c4c52ede90 code [0x000001c4c52ee040, 0x000001c4c52ee238]
Event: 37.695 Thread 0x000001c51a6a4b60 4424       3       org.eclipse.core.runtime.Path::toOSString (224 bytes)
Event: 37.696 Thread 0x000001c51a6a4b60 nmethod 4424 0x000001c4c52ee390 code [0x000001c4c52ee600, 0x000001c4c52ef010]
Event: 37.697 Thread 0x000001c51a6a4b60 4425       3       org.eclipse.core.runtime.Assert::isLegal (15 bytes)
Event: 37.697 Thread 0x000001c51a6a4b60 nmethod 4425 0x000001c4c52ef490 code [0x000001c4c52ef640, 0x000001c4c52ef828]
Event: 37.697 Thread 0x000001c51a6a4b60 4426       3       org.lombokweb.asm.SymbolTable::addConstantIntegerOrFloat (100 bytes)
Event: 37.698 Thread 0x000001c51a6a4b60 nmethod 4426 0x000001c4c52ef910 code [0x000001c4c52efb20, 0x000001c4c52f0070]
Event: 37.698 Thread 0x000001c51a6a4b60 4427       3       lombok.patcher.Hook::convertType (64 bytes)
Event: 37.699 Thread 0x000001c51a6a4b60 nmethod 4427 0x000001c4c52f0310 code [0x000001c4c52f0560, 0x000001c4c52f0c68]
Event: 37.699 Thread 0x000001c51a6a4b60 4422       3       java.lang.reflect.ReflectAccess::copyConstructor (5 bytes)
Event: 37.699 Thread 0x000001c51a6a4b60 nmethod 4422 0x000001c4c52f1010 code [0x000001c4c52f11c0, 0x000001c4c52f1300]
Event: 37.699 Thread 0x000001c51a6a4b60 4423       3       java.lang.reflect.Constructor::copy (72 bytes)
Event: 37.699 Thread 0x000001c51a6a4b60 nmethod 4423 0x000001c4c52f1410 code [0x000001c4c52f15e0, 0x000001c4c52f1908]
Event: 37.705 Thread 0x000001c51a6a4b60 4428       3       org.eclipse.core.internal.resources.ResourceInfo::isSet (11 bytes)
Event: 37.705 Thread 0x000001c51a6a4b60 nmethod 4428 0x000001c4c52f1a10 code [0x000001c4c52f1bc0, 0x000001c4c52f1d10]
Event: 37.706 Thread 0x000001c51a6a4b60 4429       3       org.eclipse.core.runtime.Path::toFile (12 bytes)
Event: 37.706 Thread 0x000001c51a6a4b60 nmethod 4429 0x000001c4c52f1d90 code [0x000001c4c52f1f40, 0x000001c4c52f2128]

GC Heap History (18 events):
Event: 1.454 GC heap before
{Heap before GC invocations=1 (full 0):
 PSYoungGen      total 29696K, used 25600K [0x00000000d5580000, 0x00000000d7680000, 0x0000000100000000)
  eden space 25600K, 100% used [0x00000000d5580000,0x00000000d6e80000,0x00000000d6e80000)
  from space 4096K, 0% used [0x00000000d7280000,0x00000000d7280000,0x00000000d7680000)
  to   space 4096K, 0% used [0x00000000d6e80000,0x00000000d6e80000,0x00000000d7280000)
 ParOldGen       total 68608K, used 0K [0x0000000080000000, 0x0000000084300000, 0x00000000d5580000)
  object space 68608K, 0% used [0x0000000080000000,0x0000000080000000,0x0000000084300000)
 Metaspace       used 4345K, committed 4608K, reserved 1114112K
  class space    used 474K, committed 576K, reserved 1048576K
}
Event: 1.463 GC heap after
{Heap after GC invocations=1 (full 0):
 PSYoungGen      total 29696K, used 3303K [0x00000000d5580000, 0x00000000d7680000, 0x0000000100000000)
  eden space 25600K, 0% used [0x00000000d5580000,0x00000000d5580000,0x00000000d6e80000)
  from space 4096K, 80% used [0x00000000d6e80000,0x00000000d71b9e98,0x00000000d7280000)
  to   space 4096K, 0% used [0x00000000d7280000,0x00000000d7280000,0x00000000d7680000)
 ParOldGen       total 68608K, used 16K [0x0000000080000000, 0x0000000084300000, 0x00000000d5580000)
  object space 68608K, 0% used [0x0000000080000000,0x0000000080004000,0x0000000084300000)
 Metaspace       used 4345K, committed 4608K, reserved 1114112K
  class space    used 474K, committed 576K, reserved 1048576K
}
Event: 5.931 GC heap before
{Heap before GC invocations=2 (full 0):
 PSYoungGen      total 29696K, used 28903K [0x00000000d5580000, 0x00000000d7680000, 0x0000000100000000)
  eden space 25600K, 100% used [0x00000000d5580000,0x00000000d6e80000,0x00000000d6e80000)
  from space 4096K, 80% used [0x00000000d6e80000,0x00000000d71b9e98,0x00000000d7280000)
  to   space 4096K, 0% used [0x00000000d7280000,0x00000000d7280000,0x00000000d7680000)
 ParOldGen       total 68608K, used 16K [0x0000000080000000, 0x0000000084300000, 0x00000000d5580000)
  object space 68608K, 0% used [0x0000000080000000,0x0000000080004000,0x0000000084300000)
 Metaspace       used 7956K, committed 8256K, reserved 1114112K
  class space    used 830K, committed 960K, reserved 1048576K
}
Event: 5.941 GC heap after
{Heap after GC invocations=2 (full 0):
 PSYoungGen      total 29696K, used 4086K [0x00000000d5580000, 0x00000000d7680000, 0x0000000100000000)
  eden space 25600K, 0% used [0x00000000d5580000,0x00000000d5580000,0x00000000d6e80000)
  from space 4096K, 99% used [0x00000000d7280000,0x00000000d767d810,0x00000000d7680000)
  to   space 4096K, 0% used [0x00000000d6e80000,0x00000000d6e80000,0x00000000d7280000)
 ParOldGen       total 68608K, used 2037K [0x0000000080000000, 0x0000000084300000, 0x00000000d5580000)
  object space 68608K, 2% used [0x0000000080000000,0x00000000801fd6b8,0x0000000084300000)
 Metaspace       used 7956K, committed 8256K, reserved 1114112K
  class space    used 830K, committed 960K, reserved 1048576K
}
Event: 21.596 GC heap before
{Heap before GC invocations=3 (full 0):
 PSYoungGen      total 29696K, used 29680K [0x00000000d5580000, 0x00000000d7680000, 0x0000000100000000)
  eden space 25600K, 99% used [0x00000000d5580000,0x00000000d6e7eb98,0x00000000d6e80000)
  from space 4096K, 99% used [0x00000000d7280000,0x00000000d767d810,0x00000000d7680000)
  to   space 4096K, 0% used [0x00000000d6e80000,0x00000000d6e80000,0x00000000d7280000)
 ParOldGen       total 68608K, used 2037K [0x0000000080000000, 0x0000000084300000, 0x00000000d5580000)
  object space 68608K, 2% used [0x0000000080000000,0x00000000801fd6b8,0x0000000084300000)
 Metaspace       used 9426K, committed 9792K, reserved 1114112K
  class space    used 1009K, committed 1152K, reserved 1048576K
}
Event: 21.605 GC heap after
{Heap after GC invocations=3 (full 0):
 PSYoungGen      total 29696K, used 4074K [0x00000000d5580000, 0x00000000d7680000, 0x0000000100000000)
  eden space 25600K, 0% used [0x00000000d5580000,0x00000000d5580000,0x00000000d6e80000)
  from space 4096K, 99% used [0x00000000d6e80000,0x00000000d727a988,0x00000000d7280000)
  to   space 4096K, 0% used [0x00000000d7280000,0x00000000d7280000,0x00000000d7680000)
 ParOldGen       total 68608K, used 4927K [0x0000000080000000, 0x0000000084300000, 0x00000000d5580000)
  object space 68608K, 7% used [0x0000000080000000,0x00000000804cff48,0x0000000084300000)
 Metaspace       used 9426K, committed 9792K, reserved 1114112K
  class space    used 1009K, committed 1152K, reserved 1048576K
}
Event: 29.176 GC heap before
{Heap before GC invocations=4 (full 0):
 PSYoungGen      total 29696K, used 29674K [0x00000000d5580000, 0x00000000d7680000, 0x0000000100000000)
  eden space 25600K, 100% used [0x00000000d5580000,0x00000000d6e80000,0x00000000d6e80000)
  from space 4096K, 99% used [0x00000000d6e80000,0x00000000d727a988,0x00000000d7280000)
  to   space 4096K, 0% used [0x00000000d7280000,0x00000000d7280000,0x00000000d7680000)
 ParOldGen       total 68608K, used 4927K [0x0000000080000000, 0x0000000084300000, 0x00000000d5580000)
  object space 68608K, 7% used [0x0000000080000000,0x00000000804cff48,0x0000000084300000)
 Metaspace       used 11588K, committed 11968K, reserved 1114112K
  class space    used 1224K, committed 1408K, reserved 1048576K
}
Event: 29.183 GC heap after
{Heap after GC invocations=4 (full 0):
 PSYoungGen      total 29696K, used 4082K [0x00000000d5580000, 0x00000000d7680000, 0x0000000100000000)
  eden space 25600K, 0% used [0x00000000d5580000,0x00000000d5580000,0x00000000d6e80000)
  from space 4096K, 99% used [0x00000000d7280000,0x00000000d767c8b0,0x00000000d7680000)
  to   space 4096K, 0% used [0x00000000d6e80000,0x00000000d6e80000,0x00000000d7280000)
 ParOldGen       total 68608K, used 6898K [0x0000000080000000, 0x0000000084300000, 0x00000000d5580000)
  object space 68608K, 10% used [0x0000000080000000,0x00000000806bc960,0x0000000084300000)
 Metaspace       used 11588K, committed 11968K, reserved 1114112K
  class space    used 1224K, committed 1408K, reserved 1048576K
}
Event: 31.136 GC heap before
{Heap before GC invocations=5 (full 0):
 PSYoungGen      total 29696K, used 29682K [0x00000000d5580000, 0x00000000d7680000, 0x0000000100000000)
  eden space 25600K, 100% used [0x00000000d5580000,0x00000000d6e80000,0x00000000d6e80000)
  from space 4096K, 99% used [0x00000000d7280000,0x00000000d767c8b0,0x00000000d7680000)
  to   space 4096K, 0% used [0x00000000d6e80000,0x00000000d6e80000,0x00000000d7280000)
 ParOldGen       total 68608K, used 6898K [0x0000000080000000, 0x0000000084300000, 0x00000000d5580000)
  object space 68608K, 10% used [0x0000000080000000,0x00000000806bc960,0x0000000084300000)
 Metaspace       used 15507K, committed 16128K, reserved 1114112K
  class space    used 1611K, committed 1856K, reserved 1048576K
}
Event: 32.151 GC heap after
{Heap after GC invocations=5 (full 0):
 PSYoungGen      total 29184K, used 4084K [0x00000000d5580000, 0x00000000d7a00000, 0x0000000100000000)
  eden space 25088K, 0% used [0x00000000d5580000,0x00000000d5580000,0x00000000d6e00000)
  from space 4096K, 99% used [0x00000000d6e80000,0x00000000d727d310,0x00000000d7280000)
  to   space 6144K, 0% used [0x00000000d7400000,0x00000000d7400000,0x00000000d7a00000)
 ParOldGen       total 68608K, used 8334K [0x0000000080000000, 0x0000000084300000, 0x00000000d5580000)
  object space 68608K, 12% used [0x0000000080000000,0x0000000080823990,0x0000000084300000)
 Metaspace       used 15507K, committed 16128K, reserved 1114112K
  class space    used 1611K, committed 1856K, reserved 1048576K
}
Event: 33.380 GC heap before
{Heap before GC invocations=6 (full 0):
 PSYoungGen      total 29184K, used 29172K [0x00000000d5580000, 0x00000000d7a00000, 0x0000000100000000)
  eden space 25088K, 100% used [0x00000000d5580000,0x00000000d6e00000,0x00000000d6e00000)
  from space 4096K, 99% used [0x00000000d6e80000,0x00000000d727d310,0x00000000d7280000)
  to   space 6144K, 0% used [0x00000000d7400000,0x00000000d7400000,0x00000000d7a00000)
 ParOldGen       total 68608K, used 8334K [0x0000000080000000, 0x0000000084300000, 0x00000000d5580000)
  object space 68608K, 12% used [0x0000000080000000,0x0000000080823990,0x0000000084300000)
 Metaspace       used 18534K, committed 19264K, reserved 1114112K
  class space    used 1933K, committed 2240K, reserved 1048576K
}
Event: 33.385 GC heap after
{Heap after GC invocations=6 (full 0):
 PSYoungGen      total 30208K, used 6134K [0x00000000d5580000, 0x00000000d7b80000, 0x0000000100000000)
  eden space 24064K, 0% used [0x00000000d5580000,0x00000000d5580000,0x00000000d6d00000)
  from space 6144K, 99% used [0x00000000d7400000,0x00000000d79fd920,0x00000000d7a00000)
  to   space 7168K, 0% used [0x00000000d6d00000,0x00000000d6d00000,0x00000000d7400000)
 ParOldGen       total 68608K, used 8706K [0x0000000080000000, 0x0000000084300000, 0x00000000d5580000)
  object space 68608K, 12% used [0x0000000080000000,0x00000000808809d8,0x0000000084300000)
 Metaspace       used 18534K, committed 19264K, reserved 1114112K
  class space    used 1933K, committed 2240K, reserved 1048576K
}
Event: 33.942 GC heap before
{Heap before GC invocations=7 (full 0):
 PSYoungGen      total 30208K, used 29355K [0x00000000d5580000, 0x00000000d7b80000, 0x0000000100000000)
  eden space 24064K, 96% used [0x00000000d5580000,0x00000000d6c2d3c8,0x00000000d6d00000)
  from space 6144K, 99% used [0x00000000d7400000,0x00000000d79fd920,0x00000000d7a00000)
  to   space 7168K, 0% used [0x00000000d6d00000,0x00000000d6d00000,0x00000000d7400000)
 ParOldGen       total 68608K, used 8706K [0x0000000080000000, 0x0000000084300000, 0x00000000d5580000)
  object space 68608K, 12% used [0x0000000080000000,0x00000000808809d8,0x0000000084300000)
 Metaspace       used 20706K, committed 21504K, reserved 1114112K
  class space    used 2185K, committed 2496K, reserved 1048576K
}
Event: 33.947 GC heap after
{Heap after GC invocations=7 (full 0):
 PSYoungGen      total 29696K, used 5278K [0x00000000d5580000, 0x00000000d7980000, 0x0000000100000000)
  eden space 24064K, 0% used [0x00000000d5580000,0x00000000d5580000,0x00000000d6d00000)
  from space 5632K, 93% used [0x00000000d6d00000,0x00000000d7227800,0x00000000d7280000)
  to   space 6144K, 0% used [0x00000000d7380000,0x00000000d7380000,0x00000000d7980000)
 ParOldGen       total 68608K, used 10322K [0x0000000080000000, 0x0000000084300000, 0x00000000d5580000)
  object space 68608K, 15% used [0x0000000080000000,0x0000000080a149d0,0x0000000084300000)
 Metaspace       used 20706K, committed 21504K, reserved 1114112K
  class space    used 2185K, committed 2496K, reserved 1048576K
}
Event: 33.947 GC heap before
{Heap before GC invocations=8 (full 1):
 PSYoungGen      total 29696K, used 5278K [0x00000000d5580000, 0x00000000d7980000, 0x0000000100000000)
  eden space 24064K, 0% used [0x00000000d5580000,0x00000000d5580000,0x00000000d6d00000)
  from space 5632K, 93% used [0x00000000d6d00000,0x00000000d7227800,0x00000000d7280000)
  to   space 6144K, 0% used [0x00000000d7380000,0x00000000d7380000,0x00000000d7980000)
 ParOldGen       total 68608K, used 10322K [0x0000000080000000, 0x0000000084300000, 0x00000000d5580000)
  object space 68608K, 15% used [0x0000000080000000,0x0000000080a149d0,0x0000000084300000)
 Metaspace       used 20706K, committed 21504K, reserved 1114112K
  class space    used 2185K, committed 2496K, reserved 1048576K
}
Event: 33.991 GC heap after
{Heap after GC invocations=8 (full 1):
 PSYoungGen      total 29696K, used 0K [0x00000000d5580000, 0x00000000d7980000, 0x0000000100000000)
  eden space 24064K, 0% used [0x00000000d5580000,0x00000000d5580000,0x00000000d6d00000)
  from space 5632K, 0% used [0x00000000d6d00000,0x00000000d6d00000,0x00000000d7280000)
  to   space 6144K, 0% used [0x00000000d7380000,0x00000000d7380000,0x00000000d7980000)
 ParOldGen       total 68608K, used 14304K [0x0000000080000000, 0x0000000084300000, 0x00000000d5580000)
  object space 68608K, 20% used [0x0000000080000000,0x0000000080df80e0,0x0000000084300000)
 Metaspace       used 20693K, committed 21504K, reserved 1114112K
  class space    used 2181K, committed 2496K, reserved 1048576K
}
Event: 36.314 GC heap before
{Heap before GC invocations=9 (full 1):
 PSYoungGen      total 29696K, used 24064K [0x00000000d5580000, 0x00000000d7980000, 0x0000000100000000)
  eden space 24064K, 100% used [0x00000000d5580000,0x00000000d6d00000,0x00000000d6d00000)
  from space 5632K, 0% used [0x00000000d6d00000,0x00000000d6d00000,0x00000000d7280000)
  to   space 6144K, 0% used [0x00000000d7380000,0x00000000d7380000,0x00000000d7980000)
 ParOldGen       total 68608K, used 14304K [0x0000000080000000, 0x0000000084300000, 0x00000000d5580000)
  object space 68608K, 20% used [0x0000000080000000,0x0000000080df80e0,0x0000000084300000)
 Metaspace       used 22811K, committed 23808K, reserved 1114112K
  class space    used 2382K, committed 2816K, reserved 1048576K
}
Event: 36.317 GC heap after
{Heap after GC invocations=9 (full 1):
 PSYoungGen      total 27136K, used 3573K [0x00000000d5580000, 0x00000000d7700000, 0x0000000100000000)
  eden space 23552K, 0% used [0x00000000d5580000,0x00000000d5580000,0x00000000d6c80000)
  from space 3584K, 99% used [0x00000000d7380000,0x00000000d76fd510,0x00000000d7700000)
  to   space 4608K, 0% used [0x00000000d6e00000,0x00000000d6e00000,0x00000000d7280000)
 ParOldGen       total 68608K, used 14312K [0x0000000080000000, 0x0000000084300000, 0x00000000d5580000)
  object space 68608K, 20% used [0x0000000080000000,0x0000000080dfa0e0,0x0000000084300000)
 Metaspace       used 22811K, committed 23808K, reserved 1114112K
  class space    used 2382K, committed 2816K, reserved 1048576K
}

Dll operation events (10 events):
Event: 0.013 Loaded shared library c:\Users\calcu\.vscode\extensions\redhat.java-1.54.0-win32-x64\jre\21.0.10-win32-x86_64\bin\java.dll
Event: 0.101 Loaded shared library c:\Users\calcu\.vscode\extensions\redhat.java-1.54.0-win32-x64\jre\21.0.10-win32-x86_64\bin\zip.dll
Event: 0.130 Loaded shared library C:\Users\calcu\.vscode\extensions\redhat.java-1.54.0-win32-x64\jre\21.0.10-win32-x86_64\bin\instrument.dll
Event: 0.137 Loaded shared library C:\Users\calcu\.vscode\extensions\redhat.java-1.54.0-win32-x64\jre\21.0.10-win32-x86_64\bin\net.dll
Event: 0.142 Loaded shared library C:\Users\calcu\.vscode\extensions\redhat.java-1.54.0-win32-x64\jre\21.0.10-win32-x86_64\bin\nio.dll
Event: 0.147 Loaded shared library C:\Users\calcu\.vscode\extensions\redhat.java-1.54.0-win32-x64\jre\21.0.10-win32-x86_64\bin\zip.dll
Event: 0.177 Loaded shared library C:\Users\calcu\.vscode\extensions\redhat.java-1.54.0-win32-x64\jre\21.0.10-win32-x86_64\bin\jimage.dll
Event: 0.289 Loaded shared library c:\Users\calcu\.vscode\extensions\redhat.java-1.54.0-win32-x64\jre\21.0.10-win32-x86_64\bin\verify.dll
Event: 17.330 Loaded shared library C:\Users\calcu\AppData\Roaming\Code\User\globalStorage\redhat.java\1.54.0\config_win\org.eclipse.equinox.launcher\org.eclipse.equinox.launcher.win32.win32.x86_64_1.3.0.v20260203-2149\eclipse_11919.dll
Event: 32.981 Loaded shared library C:\Users\calcu\AppData\Local\Temp\jna-94425280\jna15451339472776267861.dll

Deoptimization events (20 events):
Event: 37.652 Thread 0x000001c51a995bb0 DEOPT PACKING pc=0x000001c4cc6b5d84 sp=0x00000023d8ffe690
Event: 37.652 Thread 0x000001c51a995bb0 DEOPT UNPACKING pc=0x000001c4cbf73aa2 sp=0x00000023d8ffe618 mode 2
Event: 37.652 Thread 0x000001c51a995bb0 Uncommon trap: trap_request=0xffffffde fr.pc=0x000001c4cc6b78c4 relative=0x0000000000000264
Event: 37.652 Thread 0x000001c51a995bb0 Uncommon trap: reason=class_check action=maybe_recompile pc=0x000001c4cc6b78c4 method=java.util.regex.Pattern$Slice.match(Ljava/util/regex/Matcher;ILjava/lang/CharSequence;)Z @ 49 c2
Event: 37.652 Thread 0x000001c51a995bb0 DEOPT PACKING pc=0x000001c4cc6b78c4 sp=0x00000023d8ffe670
Event: 37.652 Thread 0x000001c51a995bb0 DEOPT UNPACKING pc=0x000001c4cbf73aa2 sp=0x00000023d8ffe5f8 mode 2
Event: 37.652 Thread 0x000001c51a995bb0 Uncommon trap: trap_request=0xffffffde fr.pc=0x000001c4cc6b78c4 relative=0x0000000000000264
Event: 37.652 Thread 0x000001c51a995bb0 Uncommon trap: reason=class_check action=maybe_recompile pc=0x000001c4cc6b78c4 method=java.util.regex.Pattern$Slice.match(Ljava/util/regex/Matcher;ILjava/lang/CharSequence;)Z @ 49 c2
Event: 37.652 Thread 0x000001c51a995bb0 DEOPT PACKING pc=0x000001c4cc6b78c4 sp=0x00000023d8ffe670
Event: 37.652 Thread 0x000001c51a995bb0 DEOPT UNPACKING pc=0x000001c4cbf73aa2 sp=0x00000023d8ffe5f8 mode 2
Event: 37.652 Thread 0x000001c51a995bb0 Uncommon trap: trap_request=0xffffffde fr.pc=0x000001c4cc6b78c4 relative=0x0000000000000264
Event: 37.652 Thread 0x000001c51a995bb0 Uncommon trap: reason=class_check action=maybe_recompile pc=0x000001c4cc6b78c4 method=java.util.regex.Pattern$Slice.match(Ljava/util/regex/Matcher;ILjava/lang/CharSequence;)Z @ 49 c2
Event: 37.652 Thread 0x000001c51a995bb0 DEOPT PACKING pc=0x000001c4cc6b78c4 sp=0x00000023d8ffe670
Event: 37.652 Thread 0x000001c51a995bb0 DEOPT UNPACKING pc=0x000001c4cbf73aa2 sp=0x00000023d8ffe5f8 mode 2
Event: 37.652 Thread 0x000001c51a995bb0 Uncommon trap: trap_request=0xffffffde fr.pc=0x000001c4cc6b78c4 relative=0x0000000000000264
Event: 37.652 Thread 0x000001c51a995bb0 Uncommon trap: reason=class_check action=maybe_recompile pc=0x000001c4cc6b78c4 method=java.util.regex.Pattern$Slice.match(Ljava/util/regex/Matcher;ILjava/lang/CharSequence;)Z @ 49 c2
Event: 37.652 Thread 0x000001c51a995bb0 DEOPT PACKING pc=0x000001c4cc6b78c4 sp=0x00000023d8ffe670
Event: 37.652 Thread 0x000001c51a995bb0 DEOPT UNPACKING pc=0x000001c4cbf73aa2 sp=0x00000023d8ffe5f8 mode 2
Event: 37.661 Thread 0x000001c51a9975f0 DEOPT PACKING pc=0x000001c4c505c83e sp=0x00000023d8efe310
Event: 37.661 Thread 0x000001c51a9975f0 DEOPT UNPACKING pc=0x000001c4cbf74242 sp=0x00000023d8efd850 mode 0

Classes loaded (20 events):
Event: 36.116 Loading class java/net/SocketTimeoutException
Event: 36.118 Loading class java/io/InterruptedIOException
Event: 36.118 Loading class java/io/InterruptedIOException done
Event: 36.118 Loading class java/net/SocketTimeoutException done
Event: 36.118 Loading class java/net/SocketException
Event: 36.120 Loading class java/net/SocketException done
Event: 36.120 Loading class java/net/UnknownHostException
Event: 36.120 Loading class java/net/UnknownHostException done
Event: 36.120 Loading class java/net/ProtocolException
Event: 36.121 Loading class java/net/ProtocolException done
Event: 36.165 Loading class java/lang/ThreadLocal$SuppliedThreadLocal
Event: 36.166 Loading class java/lang/ThreadLocal$SuppliedThreadLocal done
Event: 36.175 Loading class java/io/FileWriter
Event: 36.175 Loading class java/io/FileWriter done
Event: 36.183 Loading class java/lang/NegativeArraySizeException
Event: 36.183 Loading class java/lang/NegativeArraySizeException done
Event: 37.594 Loading class java/util/ImmutableCollections$SubList
Event: 37.596 Loading class java/util/ImmutableCollections$SubList done
Event: 37.649 Loading class java/io/FileReader
Event: 37.649 Loading class java/io/FileReader done

Classes unloaded (7 events):
Event: 33.956 Thread 0x000001c4d82849d0 Unloading class 0x000001c4da1a4800 'java/lang/invoke/LambdaForm$MH+0x000001c4da1a4800'
Event: 33.956 Thread 0x000001c4d82849d0 Unloading class 0x000001c4da1a4400 'java/lang/invoke/LambdaForm$MH+0x000001c4da1a4400'
Event: 33.956 Thread 0x000001c4d82849d0 Unloading class 0x000001c4da1a4000 'java/lang/invoke/LambdaForm$MH+0x000001c4da1a4000'
Event: 33.956 Thread 0x000001c4d82849d0 Unloading class 0x000001c4da1a3c00 'java/lang/invoke/LambdaForm$MH+0x000001c4da1a3c00'
Event: 33.956 Thread 0x000001c4d82849d0 Unloading class 0x000001c4da1a3800 'java/lang/invoke/LambdaForm$BMH+0x000001c4da1a3800'
Event: 33.956 Thread 0x000001c4d82849d0 Unloading class 0x000001c4da1a3400 'java/lang/invoke/LambdaForm$DMH+0x000001c4da1a3400'
Event: 33.956 Thread 0x000001c4d82849d0 Unloading class 0x000001c4da1a2000 'java/lang/invoke/LambdaForm$DMH+0x000001c4da1a2000'

Classes redefined (0 events):
No events

Internal exceptions (20 events):
Event: 34.067 Thread 0x000001c51a7d9c70 Exception <a 'java/lang/NoSuchMethodError'{0x00000000d56239c0}: 'int java.lang.invoke.DirectMethodHandle$Holder.invokeVirtual(java.lang.Object, java.lang.Object, java.lang.Object)'> (0x00000000d56239c0) 
thrown [s\src\hotspot\share\interpreter\linkResolver.cpp, line 773]
Event: 34.068 Thread 0x000001c51a7d9c70 Exception <a 'java/lang/NoSuchMethodError'{0x00000000d5628958}: 'int java.lang.invoke.DirectMethodHandle$Holder.invokeStaticInit(java.lang.Object, int, int)'> (0x00000000d5628958) 
thrown [s\src\hotspot\share\interpreter\linkResolver.cpp, line 773]
Event: 34.069 Thread 0x000001c51a7d9c70 Exception <a 'java/lang/NoSuchMethodError'{0x00000000d5630ce0}: 'int java.lang.invoke.DirectMethodHandle$Holder.invokeStaticInit(java.lang.Object, long, long)'> (0x00000000d5630ce0) 
thrown [s\src\hotspot\share\interpreter\linkResolver.cpp, line 773]
Event: 34.071 Thread 0x000001c51a7d9c70 Exception <a 'java/lang/NoSuchMethodError'{0x00000000d5638698}: 'int java.lang.invoke.DirectMethodHandle$Holder.invokeStaticInit(java.lang.Object, float, float)'> (0x00000000d5638698) 
thrown [s\src\hotspot\share\interpreter\linkResolver.cpp, line 773]
Event: 34.074 Thread 0x000001c51a7d9c70 Exception <a 'java/lang/NoSuchMethodError'{0x00000000d5640048}: 'int java.lang.invoke.DirectMethodHandle$Holder.invokeStaticInit(java.lang.Object, double, double)'> (0x00000000d5640048) 
thrown [s\src\hotspot\share\interpreter\linkResolver.cpp, line 773]
Event: 34.075 Thread 0x000001c51a7d9c70 Exception <a 'java/lang/NoSuchMethodError'{0x00000000d5645460}: 'int java.lang.invoke.DirectMethodHandle$Holder.invokeStatic(java.lang.Object, long)'> (0x00000000d5645460) 
thrown [s\src\hotspot\share\interpreter\linkResolver.cpp, line 773]
Event: 35.092 Thread 0x000001c51a7d9c70 Exception <a 'java/lang/NoSuchMethodError'{0x00000000d5668c58}: 'int java.lang.invoke.Invokers$Holder.linkToTargetMethod(java.lang.Object, java.lang.Object)'> (0x00000000d5668c58) 
thrown [s\src\hotspot\share\interpreter\linkResolver.cpp, line 773]
Event: 35.310 Thread 0x000001c51a7d9c70 Exception <a 'java/lang/NoSuchMethodError'{0x00000000d5706f90}: 'java.lang.Object java.lang.invoke.DirectMethodHandle$Holder.newInvokeSpecial(java.lang.Object, java.lang.Object, java.lang.Object, java.lang.Object, java.lang.Object)'> (0x00000000d5706f90) 
thrown [s\src\hotspot\share\interpreter\linkResolver.cpp, line 773]
Event: 35.322 Thread 0x000001c51a7d9c70 Exception <a 'java/lang/NoSuchMethodError'{0x00000000d57290b8}: 'java.lang.Object java.lang.invoke.Invokers$Holder.invoke_MT(java.lang.Object, java.lang.Object, java.lang.Object, java.lang.Object, java.lang.Object, java.lang.Object, java.lang.Object, java.lang.Object, java.lang.Object, java.lang.Object, java.lang.Object)'> (0x00000000d57290b8) 
thrown [s\src\hotspot\share\interpreter\linkResolver.cpp, line 773]
Event: 35.326 Thread 0x000001c51a7d9c70 Implicit null exception at 0x000001c4cc61c6bd to 0x000001c4cc61c732
Event: 35.365 Thread 0x000001c51a7d9c70 Exception <a 'java/lang/NoSuchMethodError'{0x00000000d57b55e8}: 'java.lang.Object java.lang.invoke.Invokers$Holder.invoke_MT(java.lang.Object, java.lang.Object, java.lang.Object, java.lang.Object, java.lang.Object, java.lang.Object, java.lang.Object, java.lang.Object, java.lang.Object, java.lang.Object)'> (0x00000000d57b55e8) 
thrown [s\src\hotspot\share\interpreter\linkResolver.cpp, line 773]
Event: 35.418 Thread 0x000001c51a7d9c70 Exception <a 'java/lang/NoSuchMethodError'{0x00000000d5847eb0}: 'java.lang.Object java.lang.invoke.DirectMethodHandle$Holder.newInvokeSpecial(java.lang.Object, java.lang.Object, java.lang.Object, java.lang.Object, java.lang.Object, java.lang.Object, java.lang.Object)'> (0x00000000d5847eb0) 
thrown [s\src\hotspot\share\interpreter\linkResolver.cpp, line 773]
Event: 35.545 Thread 0x000001c51a7d9c70 Exception <a 'java/lang/NoSuchMethodError'{0x00000000d58d5220}: 'java.lang.Object java.lang.invoke.Invokers$Holder.invoker(java.lang.Object, java.lang.Object, java.lang.Object, java.lang.Object, java.lang.Object, java.lang.Object, java.lang.Object, java.lang.Object, java.lang.Object, java.lang.Object, java.lang.Object, java.lang.Object, java.lang.Object)'> (0x00000000d58d5220) 
thrown [s\src\hotspot\share\interpreter\linkResolver.cpp, line 773]
Event: 35.546 Thread 0x000001c51a7d9c70 Exception <a 'java/lang/NoSuchMethodError'{0x00000000d58df5d8}: 'java.lang.Object java.lang.invoke.DelegatingMethodHandle$Holder.delegate(java.lang.Object, java.lang.Object, java.lang.Object, java.lang.Object, java.lang.Object, java.lang.Object, java.lang.Object, java.lang.Object, java.lang.Object, java.lang.Object, java.lang.Object, java.lang.Object, java.lang.Object)'> (0x00000000d58df5d8) 
thrown [s\src\hotspot\share\interpreter\linkResolver.cpp, line 773]
Event: 35.594 Thread 0x000001c51a7d9c70 Exception <a 'java/lang/NoSuchMethodError'{0x00000000d596dfd8}: static Lorg/eclipse/m2e/core/internal/lifecyclemapping/model/PluginExecutionMetadata;.<clinit>()V> (0x00000000d596dfd8) 
thrown [s\src\hotspot\share\prims\jni.cpp, line 1111]
Event: 35.626 Thread 0x000001c51a7d9c70 Exception <a 'java/lang/NoSuchMethodError'{0x00000000d59cdf58}: static Lorg/eclipse/m2e/core/internal/lifecyclemapping/model/PluginExecutionFilter;.<clinit>()V> (0x00000000d59cdf58) 
thrown [s\src\hotspot\share\prims\jni.cpp, line 1111]
Event: 35.638 Thread 0x000001c51a7d9c70 Exception <a 'java/lang/NoSuchMethodError'{0x00000000d59fdb40}: static Lorg/eclipse/m2e/core/internal/project/registry/MavenProjectFacade$MavenProjectConfiguration;.<clinit>()V> (0x00000000d59fdb40) 
thrown [s\src\hotspot\share\prims\jni.cpp, line 1111]
Event: 35.953 Thread 0x000001c51a7d9c70 Exception <a 'java/lang/NoSuchMethodError'{0x00000000d5ecbac8}: 'double java.lang.invoke.DirectMethodHandle$Holder.invokeStatic(java.lang.Object, java.lang.Object)'> (0x00000000d5ecbac8) 
thrown [s\src\hotspot\share\interpreter\linkResolver.cpp, line 773]
Event: 35.959 Thread 0x000001c51a7d9c70 Exception <a 'java/lang/NoSuchMethodError'{0x00000000d5ecf158}: 'double java.lang.invoke.DirectMethodHandle$Holder.invokeStaticInit(java.lang.Object, java.lang.Object)'> (0x00000000d5ecf158) 
thrown [s\src\hotspot\share\interpreter\linkResolver.cpp, line 773]
Event: 37.697 Thread 0x000001c51a995bb0 Exception <a 'java/lang/NoSuchMethodError'{0x00000000d68fd980}: 'java.lang.Object java.lang.invoke.DirectMethodHandle$Holder.invokeSpecialIFC(java.lang.Object, java.lang.Object, java.lang.Object, java.lang.Object)'> (0x00000000d68fd980) 
thrown [s\src\hotspot\share\interpreter\linkResolver.cpp, line 773]

ZGC Phase Switch (0 events):
No events

VM Operations (20 events):
Event: 33.359 Executing non-safepoint VM operation: HandshakeAllThreads (Deoptimize) done
Event: 33.380 Executing safepoint VM operation: ParallelGCFailedAllocation (Allocation Failure)
Event: 33.386 Executing safepoint VM operation: ParallelGCFailedAllocation (Allocation Failure) done
Event: 33.826 Executing non-safepoint VM operation: HandshakeAllThreads (Deoptimize)
Event: 33.826 Executing non-safepoint VM operation: HandshakeAllThreads (Deoptimize) done
Event: 33.938 Executing non-safepoint VM operation: HandshakeAllThreads (Deoptimize)
Event: 33.938 Executing non-safepoint VM operation: HandshakeAllThreads (Deoptimize) done
Event: 33.942 Executing safepoint VM operation: CollectForMetadataAllocation (Metadata GC Threshold)
Event: 33.992 Executing safepoint VM operation: CollectForMetadataAllocation (Metadata GC Threshold) done
Event: 35.001 Executing safepoint VM operation: Cleanup
Event: 35.001 Executing safepoint VM operation: Cleanup done
Event: 35.925 Executing non-safepoint VM operation: HandshakeAllThreads (Deoptimize)
Event: 35.934 Executing non-safepoint VM operation: HandshakeAllThreads (Deoptimize) done
Event: 36.314 Executing safepoint VM operation: ParallelGCFailedAllocation (Allocation Failure)
Event: 36.317 Executing safepoint VM operation: ParallelGCFailedAllocation (Allocation Failure) done
Event: 37.320 Executing safepoint VM operation: Cleanup
Event: 37.564 Executing safepoint VM operation: Cleanup done
Event: 37.608 Executing non-safepoint VM operation: HandshakeAllThreads (Deoptimize)
Event: 37.612 Executing non-safepoint VM operation: HandshakeAllThreads (Deoptimize) done
Event: 38.623 Executing safepoint VM operation: Cleanup

Memory protections (0 events):
No events

Nmethod flushes (0 events):
No events

Events (20 events):
Event: 17.401 Thread 0x000001c52007ec50 Thread added: 0x000001c51b6fe0d0
Event: 17.406 Thread 0x000001c4c17efbc0 Thread added: 0x000001c51a7d9c70
Event: 17.693 Thread 0x000001c51a6a4b60 Thread added: 0x000001c51bb92a60
Event: 17.693 Thread 0x000001c51a6a4b60 Thread added: 0x000001c51bb93110
Event: 17.868 Thread 0x000001c51bb93110 Thread exited: 0x000001c51bb93110
Event: 17.868 Thread 0x000001c51bb92a60 Thread exited: 0x000001c51bb92a60
Event: 21.580 Thread 0x000001c51a6a4b60 Thread added: 0x000001c51b825320
Event: 21.720 Thread 0x000001c51a7d9c70 Thread added: 0x000001c520178430
Event: 22.343 Thread 0x000001c51b825320 Thread exited: 0x000001c51b825320
Event: 29.138 Thread 0x000001c51a7d9c70 Thread added: 0x000001c51ba836e0
Event: 29.314 Thread 0x000001c51a6a4b60 Thread added: 0x000001c52052a4e0
Event: 30.717 Thread 0x000001c51a7d9c70 Thread added: 0x000001c51bd02160
Event: 32.986 Thread 0x000001c52052a4e0 Thread exited: 0x000001c52052a4e0
Event: 33.026 Thread 0x000001c51a7d9c70 Thread added: 0x000001c51a995520
Event: 33.124 Thread 0x000001c51a6a4b60 Thread added: 0x000001c5207d2020
Event: 33.139 Thread 0x000001c51a7d9c70 Thread added: 0x000001c51a996f60
Event: 33.172 Thread 0x000001c51a7d9c70 Thread added: 0x000001c51a9975f0
Event: 33.380 Thread 0x000001c51a9975f0 Thread added: 0x000001c51a995bb0
Event: 34.049 Thread 0x000001c5207d2020 Thread exited: 0x000001c5207d2020
Event: 37.566 Thread 0x000001c51a996f60 Thread added: 0x000001c51a996240


Dynamic libraries:
0x00007ff75e850000 - 0x00007ff75e85e000 	c:\Users\calcu\.vscode\extensions\redhat.java-1.54.0-win32-x64\jre\21.0.10-win32-x86_64\bin\java.exe
0x00007ff812120000 - 0x00007ff812386000 	C:\WINDOWS\SYSTEM32\ntdll.dll
0x00007ff810150000 - 0x00007ff810219000 	C:\WINDOWS\System32\KERNEL32.DLL
0x00007ff80f530000 - 0x00007ff80f92a000 	C:\WINDOWS\System32\KERNELBASE.dll
0x00007ff80fbc0000 - 0x00007ff80fd0c000 	C:\WINDOWS\System32\ucrtbase.dll
0x00007fffc9fe0000 - 0x00007fffc9ff8000 	c:\Users\calcu\.vscode\extensions\redhat.java-1.54.0-win32-x64\jre\21.0.10-win32-x86_64\bin\jli.dll
0x00007fffdc550000 - 0x00007fffdc56e000 	c:\Users\calcu\.vscode\extensions\redhat.java-1.54.0-win32-x64\jre\21.0.10-win32-x86_64\bin\VCRUNTIME140.dll
0x00007ff811c50000 - 0x00007ff811e17000 	C:\WINDOWS\System32\USER32.dll
0x00007ff80f3b0000 - 0x00007ff80f3d7000 	C:\WINDOWS\System32\win32u.dll
0x00007fffeb310000 - 0x00007fffeb5a2000 	C:\WINDOWS\WinSxS\amd64_microsoft.windows.common-controls_6595b64144ccf1df_6.0.26100.8521_none_3e08b75ce33403b3\COMCTL32.dll
0x00007ff8115b0000 - 0x00007ff8115db000 	C:\WINDOWS\System32\GDI32.dll
0x00007ff811ed0000 - 0x00007ff811f79000 	C:\WINDOWS\System32\msvcrt.dll
0x00007ff80f930000 - 0x00007ff80fa5b000 	C:\WINDOWS\System32\gdi32full.dll
0x00007ff80fb10000 - 0x00007ff80fbb3000 	C:\WINDOWS\System32\msvcp_win.dll
0x00007ff8120a0000 - 0x00007ff8120d2000 	C:\WINDOWS\System32\IMM32.DLL
0x00007ff807490000 - 0x00007ff80749c000 	c:\Users\calcu\.vscode\extensions\redhat.java-1.54.0-win32-x64\jre\21.0.10-win32-x86_64\bin\vcruntime140_1.dll
0x00007fff649c0000 - 0x00007fff64a4d000 	c:\Users\calcu\.vscode\extensions\redhat.java-1.54.0-win32-x64\jre\21.0.10-win32-x86_64\bin\msvcp140.dll
0x00007fff31d30000 - 0x00007fff32ad1000 	c:\Users\calcu\.vscode\extensions\redhat.java-1.54.0-win32-x64\jre\21.0.10-win32-x86_64\bin\server\jvm.dll
0x00007ff8110f0000 - 0x00007ff8111a6000 	C:\WINDOWS\System32\ADVAPI32.dll
0x00007ff810ba0000 - 0x00007ff810c4a000 	C:\WINDOWS\System32\sechost.dll
0x00007ff811f80000 - 0x00007ff812098000 	C:\WINDOWS\System32\RPCRT4.dll
0x00007ff80ff00000 - 0x00007ff80ff80000 	C:\WINDOWS\System32\WS2_32.dll
0x00007ffffc090000 - 0x00007ffffc0c6000 	C:\WINDOWS\SYSTEM32\WINMM.dll
0x00007ff80eb90000 - 0x00007ff80ebee000 	C:\WINDOWS\SYSTEM32\POWRPROF.dll
0x00007ff803820000 - 0x00007ff80382b000 	C:\WINDOWS\SYSTEM32\VERSION.dll
0x00007ff80eb70000 - 0x00007ff80eb84000 	C:\WINDOWS\SYSTEM32\UMPDC.dll
0x00007ff80e140000 - 0x00007ff80e15b000 	C:\WINDOWS\SYSTEM32\kernel.appcore.dll
0x00007ff803cc0000 - 0x00007ff803cca000 	c:\Users\calcu\.vscode\extensions\redhat.java-1.54.0-win32-x64\jre\21.0.10-win32-x86_64\bin\jimage.dll
0x00007ff80cc70000 - 0x00007ff80ceb2000 	C:\WINDOWS\SYSTEM32\DBGHELP.DLL
0x00007ff8111c0000 - 0x00007ff811543000 	C:\WINDOWS\System32\combase.dll
0x00007ff810fa0000 - 0x00007ff811079000 	C:\WINDOWS\System32\OLEAUT32.dll
0x00007fffe73f0000 - 0x00007fffe742b000 	C:\WINDOWS\SYSTEM32\dbgcore.DLL
0x00007ff80fa60000 - 0x00007ff80fb08000 	C:\WINDOWS\System32\bcryptPrimitives.dll
0x00007ff803a70000 - 0x00007ff803a7f000 	c:\Users\calcu\.vscode\extensions\redhat.java-1.54.0-win32-x64\jre\21.0.10-win32-x86_64\bin\instrument.dll
0x00007fff76320000 - 0x00007fff76340000 	c:\Users\calcu\.vscode\extensions\redhat.java-1.54.0-win32-x64\jre\21.0.10-win32-x86_64\bin\java.dll
0x00007ff810220000 - 0x00007ff8109a4000 	C:\WINDOWS\System32\SHELL32.dll
0x00007ff80cf90000 - 0x00007ff80d810000 	C:\WINDOWS\SYSTEM32\windows.storage.dll
0x00007ff810e80000 - 0x00007ff810f76000 	C:\WINDOWS\System32\SHCORE.dll
0x00007ff80fe90000 - 0x00007ff80fef7000 	C:\WINDOWS\System32\shlwapi.dll
0x00007ff80f2d0000 - 0x00007ff80f2f9000 	C:\WINDOWS\SYSTEM32\profapi.dll
0x00007fffc83d0000 - 0x00007fffc83e8000 	c:\Users\calcu\.vscode\extensions\redhat.java-1.54.0-win32-x64\jre\21.0.10-win32-x86_64\bin\zip.dll
0x00007ff8004f0000 - 0x00007ff800500000 	C:\Users\calcu\.vscode\extensions\redhat.java-1.54.0-win32-x64\jre\21.0.10-win32-x86_64\bin\net.dll
0x00007ff805660000 - 0x00007ff805789000 	C:\WINDOWS\SYSTEM32\WINHTTP.dll
0x00007ff80e6b0000 - 0x00007ff80e71c000 	C:\WINDOWS\system32\mswsock.dll
0x00007fffd7650000 - 0x00007fffd7666000 	C:\Users\calcu\.vscode\extensions\redhat.java-1.54.0-win32-x64\jre\21.0.10-win32-x86_64\bin\nio.dll
0x00007ffffa530000 - 0x00007ffffa540000 	c:\Users\calcu\.vscode\extensions\redhat.java-1.54.0-win32-x64\jre\21.0.10-win32-x86_64\bin\verify.dll
0x00007fffa95d0000 - 0x00007fffa9615000 	C:\Users\calcu\AppData\Roaming\Code\User\globalStorage\redhat.java\1.54.0\config_win\org.eclipse.equinox.launcher\org.eclipse.equinox.launcher.win32.win32.x86_64_1.3.0.v20260203-2149\eclipse_11919.dll
0x00007ff810cd0000 - 0x00007ff810e68000 	C:\WINDOWS\System32\ole32.dll
0x00007ff80e990000 - 0x00007ff80e9ab000 	C:\WINDOWS\SYSTEM32\CRYPTSP.dll
0x00007ff80e0a0000 - 0x00007ff80e0d9000 	C:\WINDOWS\system32\rsaenh.dll
0x00007ff80e760000 - 0x00007ff80e793000 	C:\WINDOWS\SYSTEM32\USERENV.dll
0x00007ff80f2a0000 - 0x00007ff80f2ca000 	C:\WINDOWS\SYSTEM32\bcrypt.dll
0x00007ff80e9b0000 - 0x00007ff80e9bc000 	C:\WINDOWS\SYSTEM32\CRYPTBASE.dll
0x00007ff80db40000 - 0x00007ff80db73000 	C:\WINDOWS\SYSTEM32\IPHLPAPI.DLL
0x00007ff8111b0000 - 0x00007ff8111ba000 	C:\WINDOWS\System32\NSI.dll
0x00007fffa9180000 - 0x00007fffa91c9000 	C:\Users\calcu\AppData\Local\Temp\jna-94425280\jna15451339472776267861.dll
0x00007ff810e70000 - 0x00007ff810e78000 	C:\WINDOWS\System32\PSAPI.DLL

JVMTI agents:
c:\Users\calcu\.vscode\extensions\redhat.java-1.54.0-win32-x64\lombok\lombok-1.18.39-4050.jar path:c:\Users\calcu\.vscode\extensions\redhat.java-1.54.0-win32-x64\jre\21.0.10-win32-x86_64\bin\instrument.dll, loaded, initialized, instrumentlib options:none

dbghelp: loaded successfully - version: 4.0.5 - missing functions: none
symbol engine: initialized successfully - sym options: 0x614 - pdb path: .;c:\Users\calcu\.vscode\extensions\redhat.java-1.54.0-win32-x64\jre\21.0.10-win32-x86_64\bin;C:\WINDOWS\SYSTEM32;C:\WINDOWS\WinSxS\amd64_microsoft.windows.common-controls_6595b64144ccf1df_6.0.26100.8521_none_3e08b75ce33403b3;c:\Users\calcu\.vscode\extensions\redhat.java-1.54.0-win32-x64\jre\21.0.10-win32-x86_64\bin\server;C:\Users\calcu\AppData\Roaming\Code\User\globalStorage\redhat.java\1.54.0\config_win\org.eclipse.equinox.launcher\org.eclipse.equinox.launcher.win32.win32.x86_64_1.3.0.v20260203-2149;C:\Users\calcu\AppData\Local\Temp\jna-94425280

VM Arguments:
jvm_args: --add-modules=ALL-SYSTEM --add-opens=java.base/java.util=ALL-UNNAMED --add-opens=java.base/java.lang=ALL-UNNAMED --add-opens=java.base/sun.nio.fs=ALL-UNNAMED -Declipse.application=org.eclipse.jdt.ls.core.id1 -Dosgi.bundles.defaultStartLevel=4 -Declipse.product=org.eclipse.jdt.ls.core.product -Djava.import.generatesMetadataFilesAtProjectRoot=false -DDetectVMInstallationsJob.disabled=true -Dfile.encoding=utf8 -XX:+UseParallelGC -XX:GCTimeRatio=4 -XX:AdaptiveSizePolicyWeight=90 -Dsun.zip.disableMemoryMapping=true -Xmx2G -Xms100m -Xlog:disable -javaagent:c:\Users\calcu\.vscode\extensions\redhat.java-1.54.0-win32-x64\lombok\lombok-1.18.39-4050.jar -XX:+HeapDumpOnOutOfMemoryError -XX:HeapDumpPath=c:\Users\calcu\AppData\Roaming\Code\User\workspaceStorage\855c2900ae70bea854af7b86d66e00f0\redhat.java -Daether.dependencyCollector.impl=bf 
java_command: c:\Users\calcu\.vscode\extensions\redhat.java-1.54.0-win32-x64\server\plugins\org.eclipse.equinox.launcher_1.7.100.v20251111-0406.jar -configuration c:\Users\calcu\AppData\Roaming\Code\User\globalStorage\redhat.java\1.54.0\config_win -data c:\Users\calcu\AppData\Roaming\Code\User\workspaceStorage\855c2900ae70bea854af7b86d66e00f0\redhat.java\jdt_ws --pipe=\\.\pipe\lsp-db83d7ef9e5fb1c3fea9ab43b57c7a4e-sock
java_class_path (initial): c:\Users\calcu\.vscode\extensions\redhat.java-1.54.0-win32-x64\server\plugins\org.eclipse.equinox.launcher_1.7.100.v20251111-0406.jar
Launcher Type: SUN_STANDARD

[Global flags]
    uintx AdaptiveSizePolicyWeight                 = 90                                        {product} {command line}
     intx CICompilerCount                          = 4                                         {product} {ergonomic}
    uintx GCTimeRatio                              = 4                                         {product} {command line}
     bool HeapDumpOnOutOfMemoryError               = true                                   {manageable} {command line}
    ccstr HeapDumpPath                             = c:\Users\calcu\AppData\Roaming\Code\User\workspaceStorage\855c2900ae70bea854af7b86d66e00f0\redhat.java         {manageable} {command line}
   size_t InitialHeapSize                          = 104857600                                 {product} {command line}
   size_t MaxHeapSize                              = 2147483648                                {product} {command line}
   size_t MaxNewSize                               = 715653120                                 {product} {ergonomic}
   size_t MinHeapDeltaBytes                        = 524288                                    {product} {ergonomic}
   size_t MinHeapSize                              = 104857600                                 {product} {command line}
   size_t NewSize                                  = 34603008                                  {product} {ergonomic}
    uintx NonNMethodCodeHeapSize                   = 5839372                                {pd product} {ergonomic}
    uintx NonProfiledCodeHeapSize                  = 122909434                              {pd product} {ergonomic}
   size_t OldSize                                  = 70254592                                  {product} {ergonomic}
    uintx ProfiledCodeHeapSize                     = 122909434                              {pd product} {ergonomic}
    uintx ReservedCodeCacheSize                    = 251658240                              {pd product} {ergonomic}
     bool SegmentedCodeCache                       = true                                      {product} {ergonomic}
   size_t SoftMaxHeapSize                          = 2147483648                             {manageable} {ergonomic}
     bool UseCompressedOops                        = true                           {product lp64_product} {ergonomic}
     bool UseLargePagesIndividualAllocation        = false                                  {pd product} {ergonomic}
     bool UseParallelGC                            = true                                      {product} {command line}

Logging:
Log output configuration:
 #0: stdout all=off uptime,level,tags foldmultilines=false
 #1: stderr all=off uptime,level,tags foldmultilines=false

Release file:
JAVA_VERSION="21.0.10" 
MODULES="java.base java.compiler java.datatransfer java.xml java.prefs java.desktop java.instrument java.logging java.management java.security.sasl java.naming java.rmi java.management.rmi java.net.http java.scripting java.security.jgss java.transaction.xa java.sql java.sql.rowset java.xml.crypto java.se java.smartcardio jdk.accessibility jdk.internal.jvmstat jdk.attach jdk.charsets jdk.internal.opt jdk.zipfs jdk.compiler jdk.crypto.ec jdk.crypto.cryptoki jdk.crypto.mscapi jdk.dynalink jdk.internal.ed jdk.editpad jdk.hotspot.agent jdk.httpserver jdk.internal.le jdk.internal.vm.ci jdk.internal.vm.compiler jdk.internal.vm.compiler.management jdk.jartool jdk.javadoc jdk.jcmd jdk.management jdk.management.agent jdk.jconsole jdk.jdeps jdk.jdwp.agent jdk.jdi jdk.jfr jdk.jshell jdk.jsobject jdk.jstatd jdk.localedata jdk.management.jfr jdk.naming.dns jdk.naming.rmi jdk.net jdk.nio.mapmode jdk.random jdk.sctp jdk.security.auth jdk.security.jgss jdk.unsupported jdk.unsupported.desktop jdk.xml.dom" 

Environment Variables:
JAVA_HOME=C:\Program Files\Java\jdk-24
PATH=C:\Users\calcu\Downloads\WINDOWS.X64_213000_db_home\bin;C:\Python313\Scripts\;C:\Python313\;C:\Program Files\Common Files\Oracle\Java\javapath;C:\windows\system32;C:\windows;C:\windows\System32\Wbem;C:\windows\System32\WindowsPowerShell\v1.0\;C:\windows\System32\OpenSSH\;C:\Users\Administrator\AppData\Local\Microsoft\WindowsApps;C:\Program Files\HP\OMEN-Broadcast\Common;C:\Program Files\Git\cmd;C:\MinGW\bin;C:\Program Files\Java\jdk-16.0.2\bin;C:\Program Files\nodejs\;C:\ProgramData\chocolatey\bin;C:\WINDOWS\system32;C:\WINDOWS;C:\WINDOWS\System32\Wbem;C:\WINDOWS\System32\WindowsPowerShell\v1.0\;C:\WINDOWS\System32\OpenSSH\;C:\Program Files\dotnet\;C:\ProgramData\chocolatey\lib\maven\apache-maven-3.9.10\bin;C:\R\R-3.2.2\bin\Rscript;C:\R\R-3.2.2\bin;C:\Program Files\R\R-4.5.1\bin;C:\Program Files\MongoDB\Server\8.0\bin;C:\Program Files\MongoDB\Tools\100\bin;C:\Program Files (x86)\NVIDIA Corporation\PhysX\Common;C:\Program Files (x86)\Windows Kits\10\Windows Performance Toolkit\;C:\Program Files\NVIDIA Corporation\NVIDIA App\NvDLISR;C:\hadoop\bin;C:\Program Files\Java\jdk-24\bin;C:\Program Files\Cloudflare\Cloudflare WARP\;C:\Users\calcu\Downloads\WINDOWS.X64_213000_db_home\bin;C:\Python313\Scripts\;C:\Python313\;C:\Program Files\Common Files\Oracle\Java\javapath;C:\windows\system32;C:\windows;C:\windows\System32\Wbem;C:\windows\System32\WindowsPowerShell\v1.0\;C:\windows\System32\OpenSSH\;C:\Users\Administrator\AppData\Local\Microsoft\WindowsApps;C:\Program Files\HP\OMEN-Broadcast\Common;C:\Program Files\Git\cmd;C:\MinGW\bin;C:\Program Files\Java\jdk-16.0.2\bin;C:\Program Files\nodejs\;C:\ProgramData\chocolatey\bin;C:\WINDOWS\system32;C:\WINDOWS;C:\WINDOWS\System32\Wbem;C:\WINDOWS\System32\WindowsPowerShell\v1.0\;C:\WINDOWS\System32\OpenSSH\;C:\Program Files\dotnet\;C:\ProgramData\chocolatey\lib\maven\apache-maven-3.9.10\bin;C:\R\R-3.2.2\bin\Rscript;C:\R\R-3.2.2\bin;C:\Program Files\R\R-4.5.1\bin;C:\Program Files\MongoDB\Server\8.0\bin;C:\Program Files\MongoDB\Tools\100\bin;C:\Program Files (x86)\NVIDIA Corporation\PhysX\Common;C:\Program Files (x86)\Windows Kits\10\Windows Performance Toolkit\;C:\Program Files\NVIDIA Corporation\NVIDIA App\NvDLISR;C:\hadoop\bin;C:\Program Files\Java\jdk-24\bin;C:\Program Files\Cloudflare\Cloudflare WARP\;C:\Users\calcu\AppData\Local\Programs\Python\Python39\Scripts\;C:\Users\calcu\AppData\Local\Programs\Python\Python39\;C:\Users\calcu\AppData\Local\Programs\Python\Python314\Scripts\;C:\Users\calcu\AppData\Local\Programs\Python\Python314\;C:\Users\calcu\miniconda3;C:\Users\calcu\miniconda3\Library\mingw-w64\bin;C:\Users\calcu\miniconda3\Library\usr\bin;C:\Users\calcu\miniconda3\Library\bin;C:\Users\calcu\miniconda3\Scripts;C:\Users\calcu\AppData\Local\Microsoft\WindowsApps;C:\MinGW\bin;C:\Program Files\Java\jdk-16.0.2\bin;C:\Users\calcu\AppData\Local\Microsoft\WinGet\Packages\Schniz.fnm_Microsoft.Winget.Source_8wekyb3d8bbwe;C:\Users\calcu\AppData\Roaming\npm;C:\Users\calcu\AppData\Local\Programs\Microsoft VS Code\bin;C:\Program Files\JetBrains\IntelliJ IDEA 2024.1\bin;C:\Users\calcu\.dotnet\tools;C:\R\R-3.2.2\bin\Rscript;C:\R\R-3.2.2\bin;C:\Program Files\R\R-4.5.1\bin;C:\Program Files\mongosh\;C:\Program Files\MongoDB\Server\8.0\bin;C:\Program Files\MongoDB\Tools\100\bin;C:\Users\calcu\.lmstudio\bin;C:\Users\calcu\AppData\Local\Python\bin;C:\Users\calcu\AppData\Local\Microsoft\WindowsApps;C:\Users\calcu\.dotnet\tools;C:\Users\calcu\AppData\Local\Microsoft\WinGet\Packages\Genymobile.scrcpy_Microsoft.Winget.Source_8wekyb3d8bbwe\scrcpy-win64-v3.3.3;C:\hadoop\bin;C:\Program Files\Java\jdk-24\bin;;E:\stt\ext\bin
USERNAME=calcu
OS=Windows_NT
PROCESSOR_IDENTIFIER=Intel64 Family 6 Model 154 Stepping 3, GenuineIntel
TMP=C:\Users\calcu\AppData\Local\Temp
TEMP=C:\Users\calcu\AppData\Local\Temp




Periodic native trim disabled

---------------  S Y S T E M  ---------------

OS:
 Windows 11 , 64 bit Build 26100 (10.0.26100.8521)
OS uptime: 0 days 10:58 hours

CPU: total 12 (initial active 12) (6 cores per cpu, 2 threads per core) family 6 model 154 stepping 3 microcode 0x437, cx8, cmov, fxsr, ht, mmx, 3dnowpref, sse, sse2, sse3, ssse3, sse4.1, sse4.2, popcnt, lzcnt, tsc, tscinvbit, avx, avx2, aes, erms, clmul, bmi1, bmi2, adx, sha, fma, vzeroupper, clflush, clflushopt, clwb, serialize, rdtscp, rdpid, fsrm, f16c, pku, cet_ibt, cet_ss
Processor Information for processor 0
  Max Mhz: 2000, Current Mhz: 2000, Mhz Limit: 2000
Processor Information for processor 1
  Max Mhz: 2000, Current Mhz: 2000, Mhz Limit: 2000
Processor Information for processor 2
  Max Mhz: 2000, Current Mhz: 2000, Mhz Limit: 2000
Processor Information for processor 3
  Max Mhz: 2000, Current Mhz: 2000, Mhz Limit: 2000
Processor Information for processor 4
  Max Mhz: 2000, Current Mhz: 1520, Mhz Limit: 2000
Processor Information for processor 5
  Max Mhz: 2000, Current Mhz: 2000, Mhz Limit: 2000
Processor Information for processor 6
  Max Mhz: 2000, Current Mhz: 1520, Mhz Limit: 2000
Processor Information for processor 7
  Max Mhz: 2000, Current Mhz: 2000, Mhz Limit: 2000
Processor Information for processor 8
  Max Mhz: 2000, Current Mhz: 2000, Mhz Limit: 2000
Processor Information for processor 9
  Max Mhz: 2000, Current Mhz: 1466, Mhz Limit: 2000
Processor Information for processor 10
  Max Mhz: 2000, Current Mhz: 2000, Mhz Limit: 2000
Processor Information for processor 11
  Max Mhz: 2000, Current Mhz: 2000, Mhz Limit: 2000

Memory: 4k page, system-wide physical 16024M (1474M free)
TotalPageFile size 65176M (AvailPageFile size 13M)
current process WorkingSet (physical memory assigned to process): 150M, peak: 155M
current process commit charge ("private bytes"): 284M, peak: 291M

vm_info: OpenJDK 64-Bit Server VM (21.0.10+7-LTS) for windows-amd64 JRE (21.0.10+7-LTS), built on 2026-01-20T00:00:00Z by "admin" with MS VC++ 17.12 (VS2022)

END.
